{
  "version": "1.5.0",
  "plugins_used": [
    {
      "name": "ArtifactoryDetector"
    },
    {
      "name": "AWSKeyDetector"
    },
    {
      "name": "AzureStorageKeyDetector"
    },
    {
      "name": "Base64HighEntropyString",
      "limit": 4.5
    },
    {
      "name": "BasicAuthDetector"
    },
    {
      "name": "CloudantDetector"
    },
    {
      "name": "DiscordBotTokenDetector"
    },
    {
      "name": "GitHubTokenDetector"
    },
    {
      "name": "GitLabTokenDetector"
    },
    {
      "name": "HexHighEntropyString",
      "limit": 3.0
    },
    {
      "name": "IbmCloudIamDetector"
    },
    {
      "name": "IbmCosHmacDetector"
    },
    {
      "name": "IPPublicDetector"
    },
    {
      "name": "JwtTokenDetector"
    },
    {
      "name": "KeywordDetector",
      "keyword_exclude": ""
    },
    {
      "name": "MailchimpDetector"
    },
    {
      "name": "NpmDetector"
    },
    {
      "name": "OpenAIDetector"
    },
    {
      "name": "PrivateKeyDetector"
    },
    {
      "name": "PypiTokenDetector"
    },
    {
      "name": "SendGridDetector"
    },
    {
      "name": "SlackDetector"
    },
    {
      "name": "SoftlayerDetector"
    },
    {
      "name": "SquareOAuthDetector"
    },
    {
      "name": "StripeDetector"
    },
    {
      "name": "TelegramBotTokenDetector"
    },
    {
      "name": "TwilioKeyDetector"
    }
  ],
  "filters_used": [
    {
      "path": "detect_secrets.filters.allowlist.is_line_allowlisted"
    },
    {
      "path": "detect_secrets.filters.common.is_baseline_file",
      "filename": ".secrets.baseline"
    },
    {
      "path": "detect_secrets.filters.common.is_ignored_due_to_verification_policies",
      "min_level": 2
    },
    {
      "path": "detect_secrets.filters.heuristic.is_indirect_reference"
    },
    {
      "path": "detect_secrets.filters.heuristic.is_likely_id_string"
    },
    {
      "path": "detect_secrets.filters.heuristic.is_lock_file"
    },
    {
      "path": "detect_secrets.filters.heuristic.is_not_alphanumeric_string"
    },
    {
      "path": "detect_secrets.filters.heuristic.is_potential_uuid"
    },
    {
      "path": "detect_secrets.filters.heuristic.is_prefixed_with_dollar_sign"
    },
    {
      "path": "detect_secrets.filters.heuristic.is_sequential_string"
    },
    {
      "path": "detect_secrets.filters.heuristic.is_swagger_file"
    },
    {
      "path": "detect_secrets.filters.heuristic.is_templated_secret"
    },
    {
      "path": "detect_secrets.filters.regex.should_exclude_file",
      "pattern": [
        "\\.secrets\\.baseline$",
        "package-lock\\.json$",
        "\\.venv/"
      ]
    }
  ],
  "results": {
    "app/config.py": [
      {
        "type": "Secret Keyword",
        "filename": "app/config.py",
        "hashed_secret": "546d36a1c86072a717daaae7dea7afe1c8895385",
        "is_verified": false,
        "line_number": 18
      }
    ],
    "conftest.py": [
      {
        "type": "Secret Keyword",
        "filename": "conftest.py",
        "hashed_secret": "8fca71f180d346fbf39496f2cab87e6387b4329b",
        "is_verified": false,
        "line_number": 30
      }
    ],
    "frontend/components/admin/EcontFulfillmentPanel.tsx": [
      {
        "type": "Secret Keyword",
        "filename": "frontend/components/admin/EcontFulfillmentPanel.tsx",
        "hashed_secret": "51dbb791a09cc55f14d15e235d71d29fc0a675de",
        "is_verified": false,
        "line_number": 28
      }
    ],
    "frontend/messages/bg.json": [
      {
        "type": "Secret Keyword",
        "filename": "frontend/messages/bg.json",
        "hashed_secret": "7b1acb5bb38da7fec11ed97a7b1aed476ba79071",
        "is_verified": false,
        "line_number": 698
      },
      {
        "type": "Secret Keyword",
        "filename": "frontend/messages/bg.json",
        "hashed_secret": "6286d435893201b9a422057dbe0a1376b20a018f",
        "is_verified": false,
        "line_number": 805
      }
    ],
    "frontend/messages/en.json": [
      {
        "type": "Secret Keyword",
        "filename": "frontend/messages/en.json",
        "hashed_secret": "7b1acb5bb38da7fec11ed97a7b1aed476ba79071",
        "is_verified": false,
        "line_number": 698
      },
      {
        "type": "Secret Keyword",
        "filename": "frontend/messages/en.json",
        "hashed_secret": "4376412a841d6e97d5753b652d2958dbbb421b63",
        "is_verified": false,
        "line_number": 805
      }
    ],
    "openspec/changes/archive/2026-07-17-admin-polish-edge-cases/tasks.md": [
      {
        "type": "Secret Keyword",
        "filename": "openspec/changes/archive/2026-07-17-admin-polish-edge-cases/tasks.md",
        "hashed_secret": "a0f4ea7d91495df92bbac2e2149dfb850fe81396",
        "is_verified": false,
        "line_number": 14
      }
    ],
    "tests/realapp/conftest.py": [
      {
        "type": "Secret Keyword",
        "filename": "tests/realapp/conftest.py",
        "hashed_secret": "bcf24e162c10b3b06d061a7a031aad8abf919666",
        "is_verified": false,
        "line_number": 28
      }
    ],
    "tests/test_config.py": [
      {
        "type": "Secret Keyword",
        "filename": "tests/test_config.py",
        "hashed_secret": "a0f4ea7d91495df92bbac2e2149dfb850fe81396",
        "is_verified": false,
        "line_number": 13
      },
      {
        "type": "Secret Keyword",
        "filename": "tests/test_config.py",
        "hashed_secret": "ef2e317125f67f988ffa6935cfa4b5be76025f4f",
        "is_verified": false,
        "line_number": 14
      }
    ],
    "tests/test_econt_delivery_client.py": [
      {
        "type": "Secret Keyword",
        "filename": "tests/test_econt_delivery_client.py",
        "hashed_secret": "2c35baf5aa803a12df64c64b97df0445c46aeb03",
        "is_verified": false,
        "line_number": 58
      },
      {
        "type": "Secret Keyword",
        "filename": "tests/test_econt_delivery_client.py",
        "hashed_secret": "d54e62a59ed84420c133c47a2420046be12268a9",
        "is_verified": false,
        "line_number": 114
      },
      {
        "type": "Secret Keyword",
        "filename": "tests/test_econt_delivery_client.py",
        "hashed_secret": "e80721793c24ae14edfca9b26ad406a9815cd3ff",
        "is_verified": false,
        "line_number": 126
      }
    ],
    "tests/test_econt_demo_smoke.py": [
      {
        "type": "Secret Keyword",
        "filename": "tests/test_econt_demo_smoke.py",
        "hashed_secret": "42f640d6675b2a0d333c4696c747397aa7e52478",
        "is_verified": false,
        "line_number": 68
      }
    ],
    "tests/test_econt_settings.py": [
      {
        "type": "Secret Keyword",
        "filename": "tests/test_econt_settings.py",
        "hashed_secret": "cc16865b4262ef50b24ed56ffccb440555fad6a5",
        "is_verified": false,
        "line_number": 84
      },
      {
        "type": "Secret Keyword",
        "filename": "tests/test_econt_settings.py",
        "hashed_secret": "42f640d6675b2a0d333c4696c747397aa7e52478",
        "is_verified": false,
        "line_number": 154
      }
    ],
    "tests/test_models.py": [
      {
        "type": "Secret Keyword",
        "filename": "tests/test_models.py",
        "hashed_secret": "546d36a1c86072a717daaae7dea7afe1c8895385",
        "is_verified": false,
        "line_number": 416
      },
      {
        "type": "Secret Keyword",
        "filename": "tests/test_models.py",
        "hashed_secret": "03fdfba388641247bc2359b0a56db4fd3afc812f",
        "is_verified": false,
        "line_number": 426
      },
      {
        "type": "Secret Keyword",
        "filename": "tests/test_models.py",
        "hashed_secret": "d5a57e1077b50f3688fef24abc62289ff15f3b5d",
        "is_verified": false,
        "line_number": 429
      },
      {
        "type": "Secret Keyword",
        "filename": "tests/test_models.py",
        "hashed_secret": "f5378ce7cd012d12a9be51e6be241b1e66240879",
        "is_verified": false,
        "line_number": 441
      },
      {
        "type": "Secret Keyword",
        "filename": "tests/test_models.py",
        "hashed_secret": "7081809f30c0f460886d108aa8e1dd1aa31358d5",
        "is_verified": false,
        "line_number": 463
      }
    ]
  },
  "generated_at": "2026-07-30T08:05:39Z"
}
